%
% This is pala-ps.map from OldFonts package:
% the map file to use Adobe Minion Pro and Palatino Linotype
% font families in Postscript Type 1 format.
%    A.V.Dmitriev, Jan. 2006.
%
% Adobe Minion Pro:
rpmnr6u MinionPro-Regular " T2DEncoding ReEncodeFont " <t2d.enc      < minion.pfb
rpmnr6a MinionPro-Regular " T2AEncoding ReEncodeFont " <t2a.enc      < minion.pfb
rpmnr8t MinionPro-Regular " T1Encoding ReEncodeFont "  <t1-wgl4.enc  < minion.pfb
rpmnr7t MinionPro-Regular " OT1Encoding ReEncodeFont " <ot1-wgl4.enc < minion.pfb

rpmnri6a MinionPro-It " T2AEncoding ReEncodeFont " <t2a.enc      < minioni.pfb
rpmnri6u MinionPro-It " T2DEncoding ReEncodeFont " <t2d.enc	 < minioni.pfb
rpmnri8t MinionPro-It " T1Encoding ReEncodeFont "  <t1-wgl4.enc  < minioni.pfb
rpmnri7t MinionPro-It " OT1Encoding ReEncodeFont " <ot1-wgl4.enc < minioni.pfb

rpmnb6a MinionPro-Bold " T2AEncoding ReEncodeFont " <t2a.enc      < minionb.pfb
rpmnb6u MinionPro-Bold " T2DEncoding ReEncodeFont " <t2d.enc	  < minionb.pfb
rpmnb8t MinionPro-Bold " T1Encoding ReEncodeFont "  <t1-wgl4.enc  < minionb.pfb
rpmnb7t MinionPro-Bold " OT1Encoding ReEncodeFont " <ot1-wgl4.enc < minionb.pfb

rpmnbi6a MinionPro-BoldIt " T2AEncoding ReEncodeFont " <t2a.enc      < minionbi.pfb
rpmnbi6u MinionPro-BoldIt " T2DEncoding ReEncodeFont " <t2d.enc      < minionbi.pfb
rpmnbi8t MinionPro-BoldIt " T1Encoding ReEncodeFont "  <t1-wgl4.enc  < minionbi.pfb
rpmnbi7t MinionPro-BoldIt " OT1Encoding ReEncodeFont " <ot1-wgl4.enc < minionbi.pfb

rpmnrc6a MinionPro-Regular " T2AEncoding ReEncodeFont " <t2a.enc      < minion.pfb
rpmnrc6u MinionPro-Regular " T2DEncoding ReEncodeFont " <t2d.enc      < minion.pfb
rpmnrc8t MinionPro-Regular " T1Encoding ReEncodeFont "  <t1-wgl4.enc  < minion.pfb
rpmnrc7t MinionPro-Regular " OT1Encoding ReEncodeFont " <ot1-wgl4.enc < minion.pfb

% Palatino Linotype:
rlplr6u PalatinoLinotype-Roman " T2DEncoding ReEncodeFont "      <t2d.enc      <pala.pfb
rlplr6a PalatinoLinotype-Roman " T2AAdobeEncoding ReEncodeFont " <t2a.enc      <pala.pfb
rlplr8t PalatinoLinotype-Roman " T1Encoding ReEncodeFont "       <t1-wgl4.enc  <pala.pfb
rlplr7t PalatinoLinotype-Roman " OT1Encoding ReEncodeFont "      <ot1-wgl4.enc <pala.pfb

rlplrc6u PalatinoLinotype-Roman " T2DEncoding ReEncodeFont "      <t2d.enc     <pala.pfb
rlplrc6a PalatinoLinotype-Roman " T2AAdobeEncoding ReEncodeFont " <t2a.enc     <pala.pfb
rlplrc8t PalatinoLinotype-Roman " T1Encoding ReEncodeFont "       <t1-wgl4.enc <pala.pfb
rlplrc7t PalatinoLinotype-Roman " OT1Encoding ReEncodeFont "      <ot1-wgl4.en <pala.pfb

rlplri6u PalatinoLinotype-Italic " T2DEncoding ReEncodeFont "      <t2d.enc      <palai.pfb
rlplri6a PalatinoLinotype-Italic " T2AAdobeEncoding ReEncodeFont " <t2a.enc	 <palai.pfb
rlplri8t PalatinoLinotype-Italic " T1Encoding ReEncodeFont "       <t1-wgl4.enc  <palai.pfb
rlplri7t PalatinoLinotype-Italic " OT1Encoding ReEncodeFont "      <ot1-wgl4.enc <palai.pfb

rlplb6u PalatinoLinotype-Bold " T2DEncoding ReEncodeFont "      <t2d.enc      <palab.pfb
rlplb6a PalatinoLinotype-Bold " T2AAdobeEncoding ReEncodeFont " <t2a.enc      <palab.pfb
rlplb8t PalatinoLinotype-Bold " T1Encoding ReEncodeFont "       <t1-wgl4.enc  <palab.pfb
rlplb7t PalatinoLinotype-Bold " OT1Encoding ReEncodeFont "      <ot1-wgl4.enc <palab.pfb

rlplbi6u PalatinoLinotype-BoldItalic " T2DEncoding ReEncodeFont "      <t2d.enc      <palabi.pfb
rlplbi6a PalatinoLinotype-BoldItalic " T2AAdobeEncoding ReEncodeFont " <t2a.enc      <palabi.pfb
rlplbi8t PalatinoLinotype-BoldItalic " T1Encoding ReEncodeFont "       <t1-wgl4.enc  <palabi.pfb
rlplbi7t PalatinoLinotype-BoldItalic " OT1Encoding ReEncodeFont "      <ot1-wgl4.enc <palabi.pfb

